// Jest Snapshot v1, https://goo.gl/fbAQLP

exports[`<Icon /> should render correctly 1`] = `
<svg
  className="icon"
>
  <use />
</svg>
`;
